// Jest Snapshot v1, https://goo.gl/fbAQLP

exports[`Author renders correctly 1`] = `
<div>
  <p>
    Pellentesque odio nisi, euismod in, pharetra a, ultricies in, diam. Sed arcu.
    <a
      href="https://blog.sxhxun.com"
      rel="noopener noreferrer"
      target="_blank"
    >
      <strong>
        John Doe
      </strong>
    </a>
  </p>
</div>
`;
